******************************************************************************
                  MSP430 Linker Unix v16.9.0                   
******************************************************************************
>> Linked Thu Mar 23 11:52:45 2017

OUTPUT FILE NAME:   <template.out>
ENTRY POINT SYMBOL: "_c_int00_noargs_noexit"  address: 0000812a


MEMORY CONFIGURATION

         name            origin    length      used     unused   attr    fill
----------------------  --------  ---------  --------  --------  ----  --------
  SFR                   00000000   00000010  00000000  00000010  RWIX
  PERIPHERALS_8BIT      00000010   000000f0  00000000  000000f0  RWIX
  PERIPHERALS_16BIT     00000100   00000100  00000000  00000100  RWIX
  INFOD                 00001800   00000080  00000000  00000080  RWIX
  INFOC                 00001880   00000080  00000000  00000080  RWIX
  INFOB                 00001900   00000080  00000000  00000080  RWIX
  INFOA                 00001980   00000080  00000000  00000080  RWIX
  RAM                   00001c00   00004000  0000296a  00001696  RWIX
  FLASH                 00005c00   0000a380  00002588  00007df8  RWIX
  INT00                 0000ff80   00000002  00000000  00000002  RWIX
  INT01                 0000ff82   00000002  00000000  00000002  RWIX
  INT02                 0000ff84   00000002  00000000  00000002  RWIX
  INT03                 0000ff86   00000002  00000000  00000002  RWIX
  INT04                 0000ff88   00000002  00000000  00000002  RWIX
  INT05                 0000ff8a   00000002  00000000  00000002  RWIX
  INT06                 0000ff8c   00000002  00000000  00000002  RWIX
  INT07                 0000ff8e   00000002  00000000  00000002  RWIX
  INT08                 0000ff90   00000002  00000000  00000002  RWIX
  INT09                 0000ff92   00000002  00000000  00000002  RWIX
  INT10                 0000ff94   00000002  00000000  00000002  RWIX
  INT11                 0000ff96   00000002  00000000  00000002  RWIX
  INT12                 0000ff98   00000002  00000000  00000002  RWIX
  INT13                 0000ff9a   00000002  00000000  00000002  RWIX
  INT14                 0000ff9c   00000002  00000000  00000002  RWIX
  INT15                 0000ff9e   00000002  00000000  00000002  RWIX
  INT16                 0000ffa0   00000002  00000000  00000002  RWIX
  INT17                 0000ffa2   00000002  00000000  00000002  RWIX
  INT18                 0000ffa4   00000002  00000000  00000002  RWIX
  INT19                 0000ffa6   00000002  00000000  00000002  RWIX
  INT20                 0000ffa8   00000002  00000000  00000002  RWIX
  INT21                 0000ffaa   00000002  00000000  00000002  RWIX
  INT22                 0000ffac   00000002  00000000  00000002  RWIX
  INT23                 0000ffae   00000002  00000000  00000002  RWIX
  INT24                 0000ffb0   00000002  00000000  00000002  RWIX
  INT25                 0000ffb2   00000002  00000000  00000002  RWIX
  INT26                 0000ffb4   00000002  00000000  00000002  RWIX
  INT27                 0000ffb6   00000002  00000000  00000002  RWIX
  INT28                 0000ffb8   00000002  00000000  00000002  RWIX
  INT29                 0000ffba   00000002  00000000  00000002  RWIX
  INT30                 0000ffbc   00000002  00000000  00000002  RWIX
  INT31                 0000ffbe   00000002  00000000  00000002  RWIX
  INT32                 0000ffc0   00000002  00000000  00000002  RWIX
  INT33                 0000ffc2   00000002  00000000  00000002  RWIX
  INT34                 0000ffc4   00000002  00000000  00000002  RWIX
  INT35                 0000ffc6   00000002  00000000  00000002  RWIX
  INT36                 0000ffc8   00000002  00000000  00000002  RWIX
  INT37                 0000ffca   00000002  00000000  00000002  RWIX
  INT38                 0000ffcc   00000002  00000000  00000002  RWIX
  INT39                 0000ffce   00000002  00000000  00000002  RWIX
  INT40                 0000ffd0   00000002  00000000  00000002  RWIX
  INT41                 0000ffd2   00000002  00000002  00000000  RWIX
  INT42                 0000ffd4   00000002  00000002  00000000  RWIX
  INT43                 0000ffd6   00000002  00000002  00000000  RWIX
  INT44                 0000ffd8   00000002  00000002  00000000  RWIX
  INT45                 0000ffda   00000002  00000002  00000000  RWIX
  INT46                 0000ffdc   00000002  00000002  00000000  RWIX
  INT47                 0000ffde   00000002  00000002  00000000  RWIX
  INT48                 0000ffe0   00000002  00000002  00000000  RWIX
  INT49                 0000ffe2   00000002  00000002  00000000  RWIX
  INT50                 0000ffe4   00000002  00000002  00000000  RWIX
  INT51                 0000ffe6   00000002  00000002  00000000  RWIX
  INT52                 0000ffe8   00000002  00000002  00000000  RWIX
  INT53                 0000ffea   00000002  00000002  00000000  RWIX
  INT54                 0000ffec   00000002  00000002  00000000  RWIX
  INT55                 0000ffee   00000002  00000002  00000000  RWIX
  INT56                 0000fff0   00000002  00000002  00000000  RWIX
  INT57                 0000fff2   00000002  00000002  00000000  RWIX
  INT58                 0000fff4   00000002  00000002  00000000  RWIX
  INT59                 0000fff6   00000002  00000002  00000000  RWIX
  INT60                 0000fff8   00000002  00000002  00000000  RWIX
  INT61                 0000fffa   00000002  00000002  00000000  RWIX
  INT62                 0000fffc   00000002  00000002  00000000  RWIX
  RESET                 0000fffe   00000002  00000002  00000000  RWIX
  FLASH2                00010000   00035c00  00000000  00035c00  RWIX


SECTION ALLOCATION MAP

 output                                  attributes/
section   page    origin      length       input sections
--------  ----  ----------  ----------   ----------------
.bss       0    00001c00    000028a2     UNINITIALIZED
                  00001c00    00002800     heap_1.obj (.bss:ucHeap)
                  00004400    00000050     tasks.obj (.bss:pxReadyTasksLists)
                  00004450    0000000a     timers.obj (.bss:xActiveTimerList1)
                  0000445a    0000000a     timers.obj (.bss:xActiveTimerList2)
                  00004464    0000000a     tasks.obj (.bss:xDelayedTaskList1)
                  0000446e    0000000a     tasks.obj (.bss:xDelayedTaskList2)
                  00004478    0000000a     tasks.obj (.bss:xPendingReadyList)
                  00004482    0000000a     tasks.obj (.bss:xSuspendedTaskList)
                  0000448c    00000008     uart.obj (.bss)
                  00004494    00000006     main.obj (.bss:pucRxData)
                  0000449a    00000004     tasks.obj (.bss)
                  0000449e    00000004     timers.obj (.bss)

.data      0    000044a2    00000028     UNINITIALIZED
                  000044a2    00000018     tasks.obj (.data)
                  000044ba    00000006     timers.obj (.data)
                  000044c0    00000004     heap_1.obj (.data)
                  000044c4    00000003     main.obj (.data)
                  000044c7    00000001     --HOLE--
                  000044c8    00000002     port.obj (.data)

.stack     0    00005b60    000000a0     UNINITIALIZED
                  00005b60    00000002     rts430x_lc_sd_eabi.lib : boot.obj (.stack)
                  00005b62    0000009e     --HOLE--

.text      0    00005c00    00002440     
                  00005c00    000001cc     queue.obj (.text:xQueueGenericReceive)
                  00005dcc    0000017e     queue.obj (.text:xQueueGenericSend)
                  00005f4a    0000010e     rts430x_lc_sd_eabi.lib : _printfi_min.obj (.text:_setfield)
                  00006058    000000f8     tasks.obj (.text:xTaskIncrementTick)
                  00006150    000000ee     rts430x_lc_sd_eabi.lib : copy_decompress_lzss.obj (.text:decompress:lzss:__TI_decompress_lzss)
                  0000623e    000000da                            : _printfi_min.obj (.text:__TI_printfi_minimal)
                  00006318    000000d8     hal_UCS.obj (.text:Init_FLL)
                  000063f0    000000d6     timers.obj (.text:prvProcessReceivedCommands)
                  000064c6    000000d4     hal_PMM.obj (.text:SetVCoreUp)
                  0000659a    000000d2     tasks.obj (.text:xTaskResumeAll)
                  0000666c    000000c4     rts430x_lc_sd_eabi.lib : _printfi_min.obj (.text:_pproc_diouxp)
                  00006730    000000c2     tasks.obj (.text:prvInitialiseNewTask)
                  000067f2    000000c0     tasks.obj (.text:vTaskSwitchContext)
                  000068b2    000000b2     rts430x_lc_sd_eabi.lib : cpy_tbl.obj (.text:copy_in)
                  00006964    000000a6     portext.obj (.text)
                  00006a0a    0000009e     queue.obj (.text:prvUnlockQueue)
                  00006aa8    0000009c     queue.obj (.text:xQueueGenericReset)
                  00006b44    0000009a     hal_PMM.obj (.text:SetVCoreDown)
                  00006bde    00000096     rts430x_lc_sd_eabi.lib : autoinit_wdt.obj (.text:_auto_init_hold_wdt)
                  00006c74    00000096     tasks.obj (.text:prvAddNewTaskToReadyList)
                  00006d0a    00000086     queue.obj (.text:prvCopyDataToQueue)
                  00006d90    00000086     tasks.obj (.text:vTaskPriorityInherit)
                  00006e16    00000084     main.obj (.text:main)
                  00006e9a    00000082     queue.obj (.text:xQueueGenericSendFromISR)
                  00006f1c    00000080     timers.obj (.text:prvSwitchTimerLists)
                  00006f9c    00000080     tasks.obj (.text:xTaskPriorityDisinherit)
                  0000701c    00000080     tasks.obj (.text:xTaskRemoveFromEventList)
                  0000709c    0000007e     tasks.obj (.text:xTaskCreate)
                  0000711a    0000007c     hal_board.obj (.text:hal430SetSystemClock)
                  00007196    00000078     tasks.obj (.text:xTaskCheckForTimeOut)
                  0000720e    00000074     timers.obj (.text:xTimerGenericCommand)
                  00007282    00000072     main.obj (.text:prvTaskLED4)
                  000072f4    00000068     timers.obj (.text:prvProcessTimerOrBlockTask)
                  0000735c    00000066     tasks.obj (.text:prvAddCurrentTaskToDelayedList)
                  000073c2    00000066     uart.obj (.text:vUartInit)
                  00007428    00000062     timers.obj (.text:prvProcessExpiredTimer)
                  0000748a    0000005e     uart.obj (.text:prvTaskUART)
                  000074e8    00000058     main.obj (.text:prvTaskLED3)
                  00007540    00000058     heap_1.obj (.text:pvPortMalloc)
                  00007598    00000058     rts430x_lc_sd_eabi.lib : div32u.obj (.text)
                  000075f0    00000054     timers.obj (.text:prvCheckForValidListAndQueue)
                  00007644    00000052     tasks.obj (.text:prvInitialiseTaskLists)
                  00007696    00000050     queue.obj (.text:vQueueWaitForMessageRestricted)
                  000076e6    00000050     tasks.obj (.text:vTaskStartScheduler)
                  00007736    0000004e     queue.obj (.text:xQueueGenericCreate)
                  00007784    0000004a     hal_UCS.obj (.text:Init_FLL_Settle)
                  000077ce    0000004a     main.obj (.text:prvSetupHardware)
                  00007818    00000048     timers.obj (.text:prvInitialiseNewTimer)
                  00007860    00000048     timers.obj (.text:prvInsertTimerInActiveList)
                  000078a8    00000046     timers.obj (.text:xTimerCreateTimerTask)
                  000078ee    00000040     rts430x_lc_sd_eabi.lib : cpy_util.obj (.text:__memcpy_far)
                  0000792e    0000003e                            : copy_zero_init.obj (.text:decompress:ZI:__TI_zero_init)
                  0000796c    0000003e     timers.obj (.text:xTimerCreate)
                  000079aa    0000003c     rts430x_lc_sd_eabi.lib : copy_decompress_none.obj (.text:decompress:none:__TI_decompress_none)
                  000079e6    0000003c     list.obj (.text:vListInsert)
                  00007a22    0000003a     hal_PMM.obj (.text:SetVCore)
                  00007a5c    0000003a     ringbuffer.obj (.text:xRingBufferDequeue)
                  00007a96    0000003a     timers.obj (.text:xTimerIsTimerActive)
                  00007ad0    0000003a     uart.obj (.text:xUartSendString)
                  00007b0a    0000003a     uart.obj (.text:xUartSendStringFromISR)
                  00007b44    00000038     rts430x_lc_sd_eabi.lib : sprintf.obj (.text:sprintf)
                  00007b7c    00000038     ringbuffer.obj (.text:xRingBufferInit)
                  00007bb4    00000036     tasks.obj (.text:vTaskDelay)
                  00007bea    00000032     tasks.obj (.text:vTaskPlaceOnEventListRestricted)
                  00007c1c    00000030     main.obj (.text:prvReceiveByteCallback)
                  00007c4c    00000030     list.obj (.text:uxListRemove)
                  00007c7c    00000030     util.obj (.text:vApplicationSetupTimerInterrupt)
                  00007cac    00000030     ringbuffer.obj (.text:xRingBufferEnqueue)
                  00007cdc    0000002e     queue.obj (.text:prvIsQueueFull)
                  00007d0a    0000002c     queue.obj (.text:prvIsQueueEmpty)
                  00007d36    0000002a     queue.obj (.text:prvCopyDataFromQueue)
                  00007d60    0000002a     tasks.obj (.text:vTaskPlaceOnEventList)
                  00007d8a    00000028     timers.obj (.text:prvGetNextExpireTime)
                  00007db2    00000028     timers.obj (.text:prvSampleTimeNow)
                  00007dda    00000024     tasks.obj (.text:prvResetNextTaskUnblockTime)
                  00007dfe    00000024     list.obj (.text:vListInsertEnd)
                  00007e22    00000024     tasks.obj (.text:xTaskGetTickCount)
                  00007e46    00000022     list.obj (.text:vListInitialise)
                  00007e68    00000020     queue.obj (.text:prvInitialiseNewQueue)
                  00007e88    00000020     port.obj (.text:pxPortInitialiseStack)
                  00007ea8    0000001c     tasks.obj (.text:vTaskSetTimeOutState)
                  00007ec4    0000001a     rts430x_lc_sd_eabi.lib : memccpy.obj (.text:memccpy)
                  00007ede    00000018                            : sprintf.obj (.text:_outs)
                  00007ef6    00000018     tasks.obj (.text:pvTaskIncrementMutexHeldCount)
                  00007f0e    00000018     rts430x_lc_sd_eabi.lib : mult16_f5hw.obj (.text)
                  00007f26    00000018     tasks.obj (.text:xTaskGetSchedulerState)
                  00007f3e    00000016     main.obj (.text:prvTaskUARTTest)
                  00007f54    00000016     timers.obj (.text:prvTimerTask)
                  00007f6a    00000016     rts430x_lc_sd_eabi.lib : div16u.obj (.text)
                  00007f80    00000014                            : memset.obj (.text:memset)
                  00007f94    00000012                            : sprintf.obj (.text:_outc)
                  00007fa6    00000012                            : memcpy.obj (.text:memcpy)
                  00007fb8    00000012     tasks.obj (.text:prvIdleTask)
                  00007fca    0000000e     rts430x_lc_sd_eabi.lib : strlen.obj (.text:strlen)
                  00007fd8    0000000e     hal_led.obj (.text:vHALInitLED)
                  00007fe6    0000000e     heap_1.obj (.text:vPortFree)
                  00007ff4    0000000a     util.obj (.text:vApplicationIdleHook)
                  00007ffe    0000000a     util.obj (.text:vApplicationMallocFailedHook)
                  00008008    0000000a     util.obj (.text:vApplicationStackOverflowHook)
                  00008012    00000008     main.obj (.text:vTimer100Callback)
                  0000801a    00000006     rts430x_lc_sd_eabi.lib : exit.obj (.text:abort)
                  00008020    00000006     list.obj (.text:vListInitialiseItem)
                  00008026    00000006     tasks.obj (.text:vTaskMissedYield)
                  0000802c    00000006     tasks.obj (.text:vTaskSuspendAll)
                  00008032    00000006     uart.obj (.text:vUartSetRxCallback)
                  00008038    00000004     rts430x_lc_sd_eabi.lib : pre_init.obj (.text:_system_pre_init)
                  0000803c    00000002                            : startup.obj (.text:_system_post_cinit)
                  0000803e    00000002     util.obj (.text:vApplicationTickHook)

.const     0    00008040    00000098     
                  00008040    0000006c     main.obj (.const:.string)
                  000080ac    00000014     rts430x_lc_sd_eabi.lib : _printfi_min.obj (.const:.string)
                  000080c0    0000000a     uart.obj (.const:.string)
                  000080ca    00000008     timers.obj (.const:.string)
                  000080d2    00000006     tasks.obj (.const:.string)

.text:_isr 
*          0    000080d8    00000084     
                  000080d8    00000052     uart.obj (.text:_isr:usci_a0_isr)
                  0000812a    0000001a     rts430x_lc_sd_eabi.lib : boot_special.obj (.text:_isr:_c_int00_noargs_noexit)
                  00008144    00000010     port.obj (.text:_isr:vTickISREntry)
                  00008154    00000008     rts430x_lc_sd_eabi.lib : isr_trap.obj (.text:_isr:__TI_ISR_TRAP)

.cinit     0    0000815c    0000002c     
                  0000815c    0000000c     (__TI_handler_table)
                  00008168    0000000a     (.cinit..data.load) [load image, compression = lzss]
                  00008172    00000006     (.cinit..bss.load) [load image, compression = zero_init]
                  00008178    00000010     (__TI_cinit_table)

.binit     0    00005c00    00000000     

.init_array 
*          0    00005c00    00000000     UNINITIALIZED

RTC        0    0000ffd2    00000002     
                  0000ffd2    00000002     rts430x_lc_sd_eabi.lib : int41.obj (.int41)

PORT2      0    0000ffd4    00000002     
                  0000ffd4    00000002     rts430x_lc_sd_eabi.lib : int42.obj (.int42)

USCI_B3    0    0000ffd6    00000002     
                  0000ffd6    00000002     rts430x_lc_sd_eabi.lib : int43.obj (.int43)

USCI_A3    0    0000ffd8    00000002     
                  0000ffd8    00000002     rts430x_lc_sd_eabi.lib : int44.obj (.int44)

USCI_B1    0    0000ffda    00000002     
                  0000ffda    00000002     rts430x_lc_sd_eabi.lib : int45.obj (.int45)

USCI_A1    0    0000ffdc    00000002     
                  0000ffdc    00000002     rts430x_lc_sd_eabi.lib : int46.obj (.int46)

PORT1      0    0000ffde    00000002     
                  0000ffde    00000002     rts430x_lc_sd_eabi.lib : int47.obj (.int47)

TIMER1_A1 
*          0    0000ffe0    00000002     
                  0000ffe0    00000002     rts430x_lc_sd_eabi.lib : int48.obj (.int48)

TIMER1_A0 
*          0    0000ffe2    00000002     
                  0000ffe2    00000002     rts430x_lc_sd_eabi.lib : int49.obj (.int49)

DMA        0    0000ffe4    00000002     
                  0000ffe4    00000002     rts430x_lc_sd_eabi.lib : int50.obj (.int50)

USCI_B2    0    0000ffe6    00000002     
                  0000ffe6    00000002     rts430x_lc_sd_eabi.lib : int51.obj (.int51)

USCI_A2    0    0000ffe8    00000002     
                  0000ffe8    00000002     rts430x_lc_sd_eabi.lib : int52.obj (.int52)

TIMER0_A1 
*          0    0000ffea    00000002     
                  0000ffea    00000002     rts430x_lc_sd_eabi.lib : int53.obj (.int53)

TIMER0_A0 
*          0    0000ffec    00000002     
                  0000ffec    00000002     port.obj (.int54)

ADC12      0    0000ffee    00000002     
                  0000ffee    00000002     rts430x_lc_sd_eabi.lib : int55.obj (.int55)

USCI_B0    0    0000fff0    00000002     
                  0000fff0    00000002     rts430x_lc_sd_eabi.lib : int56.obj (.int56)

USCI_A0    0    0000fff2    00000002     
                  0000fff2    00000002     uart.obj (.int57)

WDT        0    0000fff4    00000002     
                  0000fff4    00000002     rts430x_lc_sd_eabi.lib : int58.obj (.int58)

TIMER0_B1 
*          0    0000fff6    00000002     
                  0000fff6    00000002     rts430x_lc_sd_eabi.lib : int59.obj (.int59)

TIMER0_B0 
*          0    0000fff8    00000002     
                  0000fff8    00000002     rts430x_lc_sd_eabi.lib : int60.obj (.int60)

UNMI       0    0000fffa    00000002     
                  0000fffa    00000002     rts430x_lc_sd_eabi.lib : int61.obj (.int61)

SYSNMI     0    0000fffc    00000002     
                  0000fffc    00000002     rts430x_lc_sd_eabi.lib : int62.obj (.int62)

.reset     0    0000fffe    00000002     
                  0000fffe    00000002     rts430x_lc_sd_eabi.lib : boot.obj (.reset)

MODULE SUMMARY

       Module                     code   ro data   rw data
       ------                     ----   -------   -------
    ./
       main.obj                   486    108       9      
       util.obj                   80     0         0      
    +--+--------------------------+------+---------+---------+
       Total:                     566    108       9      
                                                          
    ./ETF5438A_HAL/
       uart.obj                   400    12        8      
       ringbuffer.obj             162    0         0      
       hal_board.obj              124    0         0      
       hal_led.obj                14     0         0      
    +--+--------------------------+------+---------+---------+
       Total:                     700    12        8      
                                                          
    ./F5XX_6XX_Core_Lib/
       hal_PMM.obj                424    0         0      
       hal_UCS.obj                290    0         0      
    +--+--------------------------+------+---------+---------+
       Total:                     714    0         0      
                                                          
    ./FreeRTOS_Source/
       tasks.obj                  2218   6         148    
       queue.obj                  1742   0         0      
       timers.obj                 1180   8         30     
       list.obj                   184    0         0      
    +--+--------------------------+------+---------+---------+
       Total:                     5324   14        178    
                                                          
    ./FreeRTOS_Source/portable/CCS/MSP430X/
       portext.obj                166    0         0      
       port.obj                   48     2         2      
    +--+--------------------------+------+---------+---------+
       Total:                     214    2         2      
                                                          
    ./FreeRTOS_Source/portable/MemMang/
       heap_1.obj                 102    0         10244  
    +--+--------------------------+------+---------+---------+
       Total:                     102    0         10244  
                                                          
    /home/sjankovic/tools/ti/ccsv7/tools/compiler/ti-cgt-msp430_16.9.0.LTS/lib/rts430x_lc_sd_eabi.lib
       _printfi_min.obj           684    20        0      
       copy_decompress_lzss.obj   238    0         0      
       cpy_tbl.obj                178    0         0      
       autoinit_wdt.obj           150    0         0      
       sprintf.obj                98     0         0      
       div32u.obj                 88     0         0      
       cpy_util.obj               64     0         0      
       copy_zero_init.obj         62     0         0      
       copy_decompress_none.obj   60     0         0      
       boot_special.obj           26     0         0      
       memccpy.obj                26     0         0      
       mult16_f5hw.obj            24     0         0      
       div16u.obj                 22     0         0      
       memset.obj                 20     0         0      
       memcpy.obj                 18     0         0      
       strlen.obj                 14     0         0      
       isr_trap.obj               8      0         0      
       exit.obj                   6      0         0      
       pre_init.obj               4      0         0      
       boot.obj                   0      2         0      
       int41.obj                  0      2         0      
       int42.obj                  0      2         0      
       int43.obj                  0      2         0      
       int44.obj                  0      2         0      
       int45.obj                  0      2         0      
       int46.obj                  0      2         0      
       int47.obj                  0      2         0      
       int48.obj                  0      2         0      
       int49.obj                  0      2         0      
       int50.obj                  0      2         0      
       int51.obj                  0      2         0      
       int52.obj                  0      2         0      
       int53.obj                  0      2         0      
       int55.obj                  0      2         0      
       int56.obj                  0      2         0      
       int58.obj                  0      2         0      
       int59.obj                  0      2         0      
       int60.obj                  0      2         0      
       int61.obj                  0      2         0      
       int62.obj                  0      2         0      
       startup.obj                2      0         0      
    +--+--------------------------+------+---------+---------+
       Total:                     1792   62        0      
                                                          
       Stack:                     0      0         160    
       Linker Generated:          0      44        0      
    +--+--------------------------+------+---------+---------+
       Grand Total:               9412   242       10601  


LINKER GENERATED COPY TABLES

__TI_cinit_table @ 00008178 records: 2, size/record: 8, table size: 16
	.data: load addr=00008168, load size=0000000a bytes, run addr=000044a2, run size=00000028 bytes, compression=lzss
	.bss: load addr=00008172, load size=00000006 bytes, run addr=00001c00, run size=000028a2 bytes, compression=zero_init


LINKER GENERATED HANDLER TABLE

__TI_handler_table @ 0000815c records: 3, size/record: 4, table size: 12
	index: 0, handler: __TI_zero_init
	index: 1, handler: __TI_decompress_lzss
	index: 2, handler: __TI_decompress_none


GLOBAL SYMBOLS: SORTED ALPHABETICALLY BY Name 

address   name                           
-------   ----                           
00000700  ADC12CTL0                      
00000701  ADC12CTL0_H                    
00000700  ADC12CTL0_L                    
00000702  ADC12CTL1                      
00000703  ADC12CTL1_H                    
00000702  ADC12CTL1_L                    
00000704  ADC12CTL2                      
00000705  ADC12CTL2_H                    
00000704  ADC12CTL2_L                    
0000070c  ADC12IE                        
0000070d  ADC12IE_H                      
0000070c  ADC12IE_L                      
0000070a  ADC12IFG                       
0000070b  ADC12IFG_H                     
0000070a  ADC12IFG_L                     
0000070e  ADC12IV                        
0000070f  ADC12IV_H                      
0000070e  ADC12IV_L                      
00000710  ADC12MCTL0                     
00000711  ADC12MCTL1                     
0000071a  ADC12MCTL10                    
0000071b  ADC12MCTL11                    
0000071c  ADC12MCTL12                    
0000071d  ADC12MCTL13                    
0000071e  ADC12MCTL14                    
0000071f  ADC12MCTL15                    
00000712  ADC12MCTL2                     
00000713  ADC12MCTL3                     
00000714  ADC12MCTL4                     
00000715  ADC12MCTL5                     
00000716  ADC12MCTL6                     
00000717  ADC12MCTL7                     
00000718  ADC12MCTL8                     
00000719  ADC12MCTL9                     
00000720  ADC12MEM0                      
00000721  ADC12MEM0_H                    
00000720  ADC12MEM0_L                    
00000722  ADC12MEM1                      
00000734  ADC12MEM10                     
00000735  ADC12MEM10_H                   
00000734  ADC12MEM10_L                   
00000736  ADC12MEM11                     
00000737  ADC12MEM11_H                   
00000736  ADC12MEM11_L                   
00000738  ADC12MEM12                     
00000739  ADC12MEM12_H                   
00000738  ADC12MEM12_L                   
0000073a  ADC12MEM13                     
0000073b  ADC12MEM13_H                   
0000073a  ADC12MEM13_L                   
0000073c  ADC12MEM14                     
0000073d  ADC12MEM14_H                   
0000073c  ADC12MEM14_L                   
0000073e  ADC12MEM15                     
0000073f  ADC12MEM15_H                   
0000073e  ADC12MEM15_L                   
00000723  ADC12MEM1_H                    
00000722  ADC12MEM1_L                    
00000724  ADC12MEM2                      
00000725  ADC12MEM2_H                    
00000724  ADC12MEM2_L                    
00000726  ADC12MEM3                      
00000727  ADC12MEM3_H                    
00000726  ADC12MEM3_L                    
00000728  ADC12MEM4                      
00000729  ADC12MEM4_H                    
00000728  ADC12MEM4_L                    
0000072a  ADC12MEM5                      
0000072b  ADC12MEM5_H                    
0000072a  ADC12MEM5_L                    
0000072c  ADC12MEM6                      
0000072d  ADC12MEM6_H                    
0000072c  ADC12MEM6_L                    
0000072e  ADC12MEM7                      
0000072f  ADC12MEM7_H                    
0000072e  ADC12MEM7_L                    
00000730  ADC12MEM8                      
00000731  ADC12MEM8_H                    
00000730  ADC12MEM8_L                    
00000732  ADC12MEM9                      
00000733  ADC12MEM9_H                    
00000732  ADC12MEM9_L                    
0000801a  C$$EXIT                        
00000150  CRCDI                          
00000152  CRCDIRB                        
00000153  CRCDIRB_H                      
00000152  CRCDIRB_L                      
00000151  CRCDI_H                        
00000150  CRCDI_L                        
00000154  CRCINIRES                      
00000155  CRCINIRES_H                    
00000154  CRCINIRES_L                    
00000156  CRCRESR                        
00000157  CRCRESR_H                      
00000156  CRCRESR_L                      
00000510  DMA0CTL                        
00000511  DMA0CTL_H                      
00000510  DMA0CTL_L                      
00000516  DMA0DA                         
00000518  DMA0DAH                        
00000516  DMA0DAL                        
00000512  DMA0SA                         
00000514  DMA0SAH                        
00000512  DMA0SAL                        
0000051a  DMA0SZ                         
00000520  DMA1CTL                        
00000521  DMA1CTL_H                      
00000520  DMA1CTL_L                      
00000526  DMA1DA                         
00000528  DMA1DAH                        
00000526  DMA1DAL                        
00000522  DMA1SA                         
00000524  DMA1SAH                        
00000522  DMA1SAL                        
0000052a  DMA1SZ                         
00000530  DMA2CTL                        
00000531  DMA2CTL_H                      
00000530  DMA2CTL_L                      
00000536  DMA2DA                         
00000538  DMA2DAH                        
00000536  DMA2DAL                        
00000532  DMA2SA                         
00000534  DMA2SAH                        
00000532  DMA2SAL                        
0000053a  DMA2SZ                         
00000500  DMACTL0                        
00000501  DMACTL0_H                      
00000500  DMACTL0_L                      
00000502  DMACTL1                        
00000503  DMACTL1_H                      
00000502  DMACTL1_L                      
00000504  DMACTL2                        
00000505  DMACTL2_H                      
00000504  DMACTL2_L                      
00000506  DMACTL3                        
00000507  DMACTL3_H                      
00000506  DMACTL3_L                      
00000508  DMACTL4                        
00000509  DMACTL4_H                      
00000508  DMACTL4_L                      
0000050e  DMAIV                          
0000050f  DMAIV_H                        
0000050e  DMAIV_L                        
00000140  FCTL1                          
00000141  FCTL1_H                        
00000140  FCTL1_L                        
00000144  FCTL3                          
00000145  FCTL3_H                        
00000144  FCTL3_L                        
00000146  FCTL4                          
00000147  FCTL4_H                        
00000146  FCTL4_L                        
00007784  Init_FLL_Settle                
000004c4  MAC                            
000004da  MAC32H                         
000004db  MAC32H_H                       
000004da  MAC32H_L                       
000004d8  MAC32L                         
000004d9  MAC32L_H                       
000004d8  MAC32L_L                       
000004c6  MACS                           
000004de  MACS32H                        
000004df  MACS32H_H                      
000004de  MACS32H_L                      
000004dc  MACS32L                        
000004dd  MACS32L_H                      
000004dc  MACS32L_L                      
000004c7  MACS_H                         
000004c6  MACS_L                         
000004c5  MAC_H                          
000004c4  MAC_L                          
000004c0  MPY                            
000004ec  MPY32CTL0                      
000004ed  MPY32CTL0_H                    
000004ec  MPY32CTL0_L                    
000004d2  MPY32H                         
000004d3  MPY32H_H                       
000004d2  MPY32H_L                       
000004d0  MPY32L                         
000004d1  MPY32L_H                       
000004d0  MPY32L_L                       
000004c2  MPYS                           
000004d6  MPYS32H                        
000004d7  MPYS32H_H                      
000004d6  MPYS32H_L                      
000004d4  MPYS32L                        
000004d5  MPYS32L_H                      
000004d4  MPYS32L_L                      
000004c3  MPYS_H                         
000004c2  MPYS_L                         
000004c1  MPY_H                          
000004c0  MPY_L                          
000004c8  OP2                            
000004e2  OP2H                           
000004e3  OP2H_H                         
000004e2  OP2H_L                         
000004e0  OP2L                           
000004e1  OP2L_H                         
000004e0  OP2L_L                         
000004c9  OP2_H                          
000004c8  OP2_L                          
0000020e  P1IV                           
0000021e  P2IV                           
00000204  PADIR                          
00000205  PADIR_H                        
00000204  PADIR_L                        
00000208  PADS                           
00000209  PADS_H                         
00000208  PADS_L                         
0000021a  PAIE                           
00000218  PAIES                          
00000219  PAIES_H                        
00000218  PAIES_L                        
0000021b  PAIE_H                         
0000021a  PAIE_L                         
0000021c  PAIFG                          
0000021d  PAIFG_H                        
0000021c  PAIFG_L                        
00000200  PAIN                           
00000201  PAIN_H                         
00000200  PAIN_L                         
00000202  PAOUT                          
00000203  PAOUT_H                        
00000202  PAOUT_L                        
00000206  PAREN                          
00000207  PAREN_H                        
00000206  PAREN_L                        
0000020a  PASEL                          
0000020b  PASEL_H                        
0000020a  PASEL_L                        
00000224  PBDIR                          
00000225  PBDIR_H                        
00000224  PBDIR_L                        
00000228  PBDS                           
00000229  PBDS_H                         
00000228  PBDS_L                         
00000220  PBIN                           
00000221  PBIN_H                         
00000220  PBIN_L                         
00000222  PBOUT                          
00000223  PBOUT_H                        
00000222  PBOUT_L                        
00000226  PBREN                          
00000227  PBREN_H                        
00000226  PBREN_L                        
0000022a  PBSEL                          
0000022b  PBSEL_H                        
0000022a  PBSEL_L                        
00000244  PCDIR                          
00000245  PCDIR_H                        
00000244  PCDIR_L                        
00000248  PCDS                           
00000249  PCDS_H                         
00000248  PCDS_L                         
00000240  PCIN                           
00000241  PCIN_H                         
00000240  PCIN_L                         
00000242  PCOUT                          
00000243  PCOUT_H                        
00000242  PCOUT_L                        
00000246  PCREN                          
00000247  PCREN_H                        
00000246  PCREN_L                        
0000024a  PCSEL                          
0000024b  PCSEL_H                        
0000024a  PCSEL_L                        
00000264  PDDIR                          
00000265  PDDIR_H                        
00000264  PDDIR_L                        
00000268  PDDS                           
00000269  PDDS_H                         
00000268  PDDS_L                         
00000260  PDIN                           
00000261  PDIN_H                         
00000260  PDIN_L                         
00000262  PDOUT                          
00000263  PDOUT_H                        
00000262  PDOUT_L                        
00000266  PDREN                          
00000267  PDREN_H                        
00000266  PDREN_L                        
0000026a  PDSEL                          
0000026b  PDSEL_H                        
0000026a  PDSEL_L                        
00000284  PEDIR                          
00000285  PEDIR_H                        
00000284  PEDIR_L                        
00000288  PEDS                           
00000289  PEDS_H                         
00000288  PEDS_L                         
00000280  PEIN                           
00000281  PEIN_H                         
00000280  PEIN_L                         
00000282  PEOUT                          
00000283  PEOUT_H                        
00000282  PEOUT_L                        
00000286  PEREN                          
00000287  PEREN_H                        
00000286  PEREN_L                        
0000028a  PESEL                          
0000028b  PESEL_H                        
0000028a  PESEL_L                        
000002a4  PFDIR                          
000002a5  PFDIR_H                        
000002a4  PFDIR_L                        
000002a8  PFDS                           
000002a9  PFDS_H                         
000002a8  PFDS_L                         
000002a0  PFIN                           
000002a1  PFIN_H                         
000002a0  PFIN_L                         
000002a2  PFOUT                          
000002a3  PFOUT_H                        
000002a2  PFOUT_L                        
000002a6  PFREN                          
000002a7  PFREN_H                        
000002a6  PFREN_L                        
000002aa  PFSEL                          
000002ab  PFSEL_H                        
000002aa  PFSEL_L                        
00000324  PJDIR                          
00000325  PJDIR_H                        
00000324  PJDIR_L                        
00000328  PJDS                           
00000329  PJDS_H                         
00000328  PJDS_L                         
00000320  PJIN                           
00000321  PJIN_H                         
00000320  PJIN_L                         
00000322  PJOUT                          
00000323  PJOUT_H                        
00000322  PJOUT_L                        
00000326  PJREN                          
00000327  PJREN_H                        
00000326  PJREN_L                        
00000130  PM5CTL0                        
00000131  PM5CTL0_H                      
00000130  PM5CTL0_L                      
00000120  PMMCTL0                        
00000121  PMMCTL0_H                      
00000120  PMMCTL0_L                      
00000122  PMMCTL1                        
00000123  PMMCTL1_H                      
00000122  PMMCTL1_L                      
0000012c  PMMIFG                         
0000012d  PMMIFG_H                       
0000012c  PMMIFG_L                       
0000012e  PMMRIE                         
0000012f  PMMRIE_H                       
0000012e  PMMRIE_L                       
00000158  RCCTL0                         
00000159  RCCTL0_H                       
00000158  RCCTL0_L                       
000001b0  REFCTL0                        
000001b1  REFCTL0_H                      
000001b0  REFCTL0_L                      
000004e4  RES0                           
000004e5  RES0_H                         
000004e4  RES0_L                         
000004e6  RES1                           
000004e7  RES1_H                         
000004e6  RES1_L                         
000004e8  RES2                           
000004e9  RES2_H                         
000004e8  RES2_L                         
000004ea  RES3                           
000004eb  RES3_H                         
000004ea  RES3_L                         
000004cc  RESHI                          
000004cd  RESHI_H                        
000004cc  RESHI_L                        
000004ca  RESLO                          
000004cb  RESLO_H                        
000004ca  RESLO_L                        
000004ba  RTCADOWDAY                     
000004bb  RTCADOWDAY_H                   
000004ba  RTCADOWDAY_L                   
000004b8  RTCAMINHR                      
000004b9  RTCAMINHR_H                    
000004b8  RTCAMINHR_L                    
000004a0  RTCCTL01                       
000004a1  RTCCTL01_H                     
000004a0  RTCCTL01_L                     
000004a2  RTCCTL23                       
000004a3  RTCCTL23_H                     
000004a2  RTCCTL23_L                     
000004b4  RTCDATE                        
000004b5  RTCDATE_H                      
000004b4  RTCDATE_L                      
000004ae  RTCIV                          
000004ac  RTCPS                          
000004a8  RTCPS0CTL                      
000004a9  RTCPS0CTL_H                    
000004a8  RTCPS0CTL_L                    
000004aa  RTCPS1CTL                      
000004ab  RTCPS1CTL_H                    
000004aa  RTCPS1CTL_L                    
000004ad  RTCPS_H                        
000004ac  RTCPS_L                        
000004b0  RTCTIM0                        
000004b1  RTCTIM0_H                      
000004b0  RTCTIM0_L                      
000004b2  RTCTIM1                        
000004b3  RTCTIM1_H                      
000004b2  RTCTIM1_L                      
000004b6  RTCYEAR                        
000004b7  RTCYEAR_H                      
000004b6  RTCYEAR_L                      
00000100  SFRIE1                         
00000101  SFRIE1_H                       
00000100  SFRIE1_L                       
00000102  SFRIFG1                        
00000103  SFRIFG1_H                      
00000102  SFRIFG1_L                      
00000104  SFRRPCR                        
00000105  SFRRPCR_H                      
00000104  SFRRPCR_L                      
000004ce  SUMEXT                         
000004cf  SUMEXT_H                       
000004ce  SUMEXT_L                       
00000124  SVSMHCTL                       
00000125  SVSMHCTL_H                     
00000124  SVSMHCTL_L                     
00000128  SVSMIO                         
00000129  SVSMIO_H                       
00000128  SVSMIO_L                       
00000126  SVSMLCTL                       
00000127  SVSMLCTL_H                     
00000126  SVSMLCTL_L                     
00000198  SYSBERRIV                      
00000199  SYSBERRIV_H                    
00000198  SYSBERRIV_L                    
00000182  SYSBSLC                        
00000183  SYSBSLC_H                      
00000182  SYSBSLC_L                      
00000180  SYSCTL                         
00000181  SYSCTL_H                       
00000180  SYSCTL_L                       
00000186  SYSJMBC                        
00000187  SYSJMBC_H                      
00000186  SYSJMBC_L                      
00000188  SYSJMBI0                       
00000189  SYSJMBI0_H                     
00000188  SYSJMBI0_L                     
0000018a  SYSJMBI1                       
0000018b  SYSJMBI1_H                     
0000018a  SYSJMBI1_L                     
0000018c  SYSJMBO0                       
0000018d  SYSJMBO0_H                     
0000018c  SYSJMBO0_L                     
0000018e  SYSJMBO1                       
0000018f  SYSJMBO1_H                     
0000018e  SYSJMBO1_L                     
0000019e  SYSRSTIV                       
0000019f  SYSRSTIV_H                     
0000019e  SYSRSTIV_L                     
0000019c  SYSSNIV                        
0000019d  SYSSNIV_H                      
0000019c  SYSSNIV_L                      
0000019a  SYSUNIV                        
0000019b  SYSUNIV_H                      
0000019a  SYSUNIV_L                      
00007a22  SetVCore                       
00000352  TA0CCR0                        
00000354  TA0CCR1                        
00000356  TA0CCR2                        
00000358  TA0CCR3                        
0000035a  TA0CCR4                        
00000342  TA0CCTL0                       
00000344  TA0CCTL1                       
00000346  TA0CCTL2                       
00000348  TA0CCTL3                       
0000034a  TA0CCTL4                       
00000340  TA0CTL                         
00000360  TA0EX0                         
0000036e  TA0IV                          
00000350  TA0R                           
00000392  TA1CCR0                        
00000394  TA1CCR1                        
00000396  TA1CCR2                        
00000382  TA1CCTL0                       
00000384  TA1CCTL1                       
00000386  TA1CCTL2                       
00000380  TA1CTL                         
000003a0  TA1EX0                         
000003ae  TA1IV                          
00000390  TA1R                           
000003d2  TB0CCR0                        
000003d4  TB0CCR1                        
000003d6  TB0CCR2                        
000003d8  TB0CCR3                        
000003da  TB0CCR4                        
000003dc  TB0CCR5                        
000003de  TB0CCR6                        
000003c2  TB0CCTL0                       
000003c4  TB0CCTL1                       
000003c6  TB0CCTL2                       
000003c8  TB0CCTL3                       
000003ca  TB0CCTL4                       
000003cc  TB0CCTL5                       
000003ce  TB0CCTL6                       
000003c0  TB0CTL                         
000003e0  TB0EX0                         
000003ee  TB0IV                          
000003d0  TB0R                           
000005d0  UCA0ABCTL                      
000005c6  UCA0BRW                        
000005c7  UCA0BRW_H                      
000005c6  UCA0BRW_L                      
000005c0  UCA0CTLW0                      
000005c1  UCA0CTLW0_H                    
000005c0  UCA0CTLW0_L                    
000005dc  UCA0ICTL                       
000005dd  UCA0ICTL_H                     
000005dc  UCA0ICTL_L                     
000005d2  UCA0IRCTL                      
000005d3  UCA0IRCTL_H                    
000005d2  UCA0IRCTL_L                    
000005de  UCA0IV                         
000005c8  UCA0MCTL                       
000005cc  UCA0RXBUF                      
000005ca  UCA0STAT                       
000005ce  UCA0TXBUF                      
00000610  UCA1ABCTL                      
00000606  UCA1BRW                        
00000607  UCA1BRW_H                      
00000606  UCA1BRW_L                      
00000600  UCA1CTLW0                      
00000601  UCA1CTLW0_H                    
00000600  UCA1CTLW0_L                    
0000061c  UCA1ICTL                       
0000061d  UCA1ICTL_H                     
0000061c  UCA1ICTL_L                     
00000612  UCA1IRCTL                      
00000613  UCA1IRCTL_H                    
00000612  UCA1IRCTL_L                    
0000061e  UCA1IV                         
00000608  UCA1MCTL                       
0000060c  UCA1RXBUF                      
0000060a  UCA1STAT                       
0000060e  UCA1TXBUF                      
00000650  UCA2ABCTL                      
00000646  UCA2BRW                        
00000647  UCA2BRW_H                      
00000646  UCA2BRW_L                      
00000640  UCA2CTLW0                      
00000641  UCA2CTLW0_H                    
00000640  UCA2CTLW0_L                    
0000065c  UCA2ICTL                       
0000065d  UCA2ICTL_H                     
0000065c  UCA2ICTL_L                     
00000652  UCA2IRCTL                      
00000653  UCA2IRCTL_H                    
00000652  UCA2IRCTL_L                    
0000065e  UCA2IV                         
00000648  UCA2MCTL                       
0000064c  UCA2RXBUF                      
0000064a  UCA2STAT                       
0000064e  UCA2TXBUF                      
00000690  UCA3ABCTL                      
00000686  UCA3BRW                        
00000687  UCA3BRW_H                      
00000686  UCA3BRW_L                      
00000680  UCA3CTLW0                      
00000681  UCA3CTLW0_H                    
00000680  UCA3CTLW0_L                    
0000069c  UCA3ICTL                       
0000069d  UCA3ICTL_H                     
0000069c  UCA3ICTL_L                     
00000692  UCA3IRCTL                      
00000693  UCA3IRCTL_H                    
00000692  UCA3IRCTL_L                    
0000069e  UCA3IV                         
00000688  UCA3MCTL                       
0000068c  UCA3RXBUF                      
0000068a  UCA3STAT                       
0000068e  UCA3TXBUF                      
000005e6  UCB0BRW                        
000005e7  UCB0BRW_H                      
000005e6  UCB0BRW_L                      
000005e0  UCB0CTLW0                      
000005e1  UCB0CTLW0_H                    
000005e0  UCB0CTLW0_L                    
000005f0  UCB0I2COA                      
000005f1  UCB0I2COA_H                    
000005f0  UCB0I2COA_L                    
000005f2  UCB0I2CSA                      
000005f3  UCB0I2CSA_H                    
000005f2  UCB0I2CSA_L                    
000005fc  UCB0ICTL                       
000005fd  UCB0ICTL_H                     
000005fc  UCB0ICTL_L                     
000005fe  UCB0IV                         
000005ec  UCB0RXBUF                      
000005ea  UCB0STAT                       
000005ee  UCB0TXBUF                      
00000626  UCB1BRW                        
00000627  UCB1BRW_H                      
00000626  UCB1BRW_L                      
00000620  UCB1CTLW0                      
00000621  UCB1CTLW0_H                    
00000620  UCB1CTLW0_L                    
00000630  UCB1I2COA                      
00000631  UCB1I2COA_H                    
00000630  UCB1I2COA_L                    
00000632  UCB1I2CSA                      
00000633  UCB1I2CSA_H                    
00000632  UCB1I2CSA_L                    
0000063c  UCB1ICTL                       
0000063d  UCB1ICTL_H                     
0000063c  UCB1ICTL_L                     
0000063e  UCB1IV                         
0000062c  UCB1RXBUF                      
0000062a  UCB1STAT                       
0000062e  UCB1TXBUF                      
00000666  UCB2BRW                        
00000667  UCB2BRW_H                      
00000666  UCB2BRW_L                      
00000660  UCB2CTLW0                      
00000661  UCB2CTLW0_H                    
00000660  UCB2CTLW0_L                    
00000670  UCB2I2COA                      
00000671  UCB2I2COA_H                    
00000670  UCB2I2COA_L                    
00000672  UCB2I2CSA                      
00000673  UCB2I2CSA_H                    
00000672  UCB2I2CSA_L                    
0000067c  UCB2ICTL                       
0000067d  UCB2ICTL_H                     
0000067c  UCB2ICTL_L                     
0000067e  UCB2IV                         
0000066c  UCB2RXBUF                      
0000066a  UCB2STAT                       
0000066e  UCB2TXBUF                      
000006a6  UCB3BRW                        
000006a7  UCB3BRW_H                      
000006a6  UCB3BRW_L                      
000006a0  UCB3CTLW0                      
000006a1  UCB3CTLW0_H                    
000006a0  UCB3CTLW0_L                    
000006b0  UCB3I2COA                      
000006b1  UCB3I2COA_H                    
000006b0  UCB3I2COA_L                    
000006b2  UCB3I2CSA                      
000006b3  UCB3I2CSA_H                    
000006b2  UCB3I2CSA_L                    
000006bc  UCB3ICTL                       
000006bd  UCB3ICTL_H                     
000006bc  UCB3ICTL_L                     
000006be  UCB3IV                         
000006ac  UCB3RXBUF                      
000006aa  UCB3STAT                       
000006ae  UCB3TXBUF                      
00000160  UCSCTL0                        
00000161  UCSCTL0_H                      
00000160  UCSCTL0_L                      
00000162  UCSCTL1                        
00000163  UCSCTL1_H                      
00000162  UCSCTL1_L                      
00000164  UCSCTL2                        
00000165  UCSCTL2_H                      
00000164  UCSCTL2_L                      
00000166  UCSCTL3                        
00000167  UCSCTL3_H                      
00000166  UCSCTL3_L                      
00000168  UCSCTL4                        
00000169  UCSCTL4_H                      
00000168  UCSCTL4_L                      
0000016a  UCSCTL5                        
0000016b  UCSCTL5_H                      
0000016a  UCSCTL5_L                      
0000016c  UCSCTL6                        
0000016d  UCSCTL6_H                      
0000016c  UCSCTL6_L                      
0000016e  UCSCTL7                        
0000016f  UCSCTL7_H                      
0000016e  UCSCTL7_L                      
00000170  UCSCTL8                        
00000171  UCSCTL8_H                      
00000170  UCSCTL8_L                      
0000015c  WDTCTL                         
0000015d  WDTCTL_H                       
0000015c  WDTCTL_L                       
00005c00  __STACK_END                    
000000a0  __STACK_SIZE                   
UNDEFED   __TI_BINIT_Base                
UNDEFED   __TI_BINIT_Limit               
00008178  __TI_CINIT_Base                
00008188  __TI_CINIT_Limit               
0000815c  __TI_Handler_Table_Base        
00008168  __TI_Handler_Table_Limit       
UNDEFED   __TI_INITARRAY_Base            
UNDEFED   __TI_INITARRAY_Limit           
00008154  __TI_ISR_TRAP                  
00006150  __TI_decompress_lzss           
000079aa  __TI_decompress_none           
0000ffd2  __TI_int41                     
0000ffd4  __TI_int42                     
0000ffd6  __TI_int43                     
0000ffd8  __TI_int44                     
0000ffda  __TI_int45                     
0000ffdc  __TI_int46                     
0000ffde  __TI_int47                     
0000ffe0  __TI_int48                     
0000ffe2  __TI_int49                     
0000ffe4  __TI_int50                     
0000ffe6  __TI_int51                     
0000ffe8  __TI_int52                     
0000ffea  __TI_int53                     
0000ffec  __TI_int54                     
0000ffee  __TI_int55                     
0000fff0  __TI_int56                     
0000fff2  __TI_int57                     
0000fff4  __TI_int58                     
0000fff6  __TI_int59                     
0000fff8  __TI_int60                     
0000fffa  __TI_int61                     
0000fffc  __TI_int62                     
ffffffff  __TI_pprof_out_hndl            
0000623e  __TI_printfi_minimal           
ffffffff  __TI_prof_data_size            
ffffffff  __TI_prof_data_start           
0000792e  __TI_zero_init                 
ffffffff  __c_args__                     
000078ee  __memcpy_far                   
00007f6a  __mspabi_divu                  
00007598  __mspabi_divul                 
00007f0e  __mspabi_mpyi_f5hw             
00007f6a  __mspabi_remu                  
00007598  __mspabi_remul                 
00006bde  _auto_init_hold_wdt            
0000812a  _c_int00_noargs_noexit         
0000fffe  _reset_vector                  
00005b60  _stack                         
0000803c  _system_post_cinit             
00008038  _system_pre_init               
0000801a  abort                          
000068b2  copy_in                        
0000711a  hal430SetSystemClock           
00006e16  main                           
00007ec4  memccpy                        
00007fa6  memcpy                         
00007f80  memset                         
00007540  pvPortMalloc                   
00007ef6  pvTaskIncrementMutexHeldCount  
000044a2  pxCurrentTCB                   
00007e88  pxPortInitialiseStack          
00007b44  sprintf                        
00007fca  strlen                         
000044c8  usCriticalNesting              
000080d8  usci_a0_isr                    
00007c4c  uxListRemove                   
00007ff4  vApplicationIdleHook           
00007ffe  vApplicationMallocFailedHook   
00007c7c  vApplicationSetupTimerInterrupt
00008008  vApplicationStackOverflowHook  
0000803e  vApplicationTickHook           
00007fd8  vHALInitLED                    
00007e46  vListInitialise                
00008020  vListInitialiseItem            
000079e6  vListInsert                    
00007dfe  vListInsertEnd                 
00006994  vPortCooperativeTickISR        
00007fe6  vPortFree                      
00006964  vPortPreemptiveTickISR         
00007c7c  vPortSetupTimerInterrupt       
000069c0  vPortYield                     
00007696  vQueueWaitForMessageRestricted 
00007bb4  vTaskDelay                     
00008026  vTaskMissedYield               
00007d60  vTaskPlaceOnEventList          
00007bea  vTaskPlaceOnEventListRestricted
00006d90  vTaskPriorityInherit           
00007ea8  vTaskSetTimeOutState           
000076e6  vTaskStartScheduler            
0000802c  vTaskSuspendAll                
000067f2  vTaskSwitchContext             
00008144  vTickISREntry                  
000073c2  vUartInit                      
00008032  vUartSetRxCallback             
000069f0  xPortStartScheduler            
00007736  xQueueGenericCreate            
00005c00  xQueueGenericReceive           
00006aa8  xQueueGenericReset             
00005dcc  xQueueGenericSend              
00006e9a  xQueueGenericSendFromISR       
00007a5c  xRingBufferDequeue             
00007cac  xRingBufferEnqueue             
00007b7c  xRingBufferInit                
00007196  xTaskCheckForTimeOut           
0000709c  xTaskCreate                    
00007f26  xTaskGetSchedulerState         
00007e22  xTaskGetTickCount              
00006058  xTaskIncrementTick             
00006f9c  xTaskPriorityDisinherit        
0000701c  xTaskRemoveFromEventList       
0000659a  xTaskResumeAll                 
0000796c  xTimerCreate                   
000078a8  xTimerCreateTimerTask          
0000720e  xTimerGenericCommand           
00007a96  xTimerIsTimerActive            
00007ad0  xUartSendString                
00007b0a  xUartSendStringFromISR         


GLOBAL SYMBOLS: SORTED BY Symbol Address 

address   name                           
-------   ----                           
000000a0  __STACK_SIZE                   
00000100  SFRIE1                         
00000100  SFRIE1_L                       
00000101  SFRIE1_H                       
00000102  SFRIFG1                        
00000102  SFRIFG1_L                      
00000103  SFRIFG1_H                      
00000104  SFRRPCR                        
00000104  SFRRPCR_L                      
00000105  SFRRPCR_H                      
00000120  PMMCTL0                        
00000120  PMMCTL0_L                      
00000121  PMMCTL0_H                      
00000122  PMMCTL1                        
00000122  PMMCTL1_L                      
00000123  PMMCTL1_H                      
00000124  SVSMHCTL                       
00000124  SVSMHCTL_L                     
00000125  SVSMHCTL_H                     
00000126  SVSMLCTL                       
00000126  SVSMLCTL_L                     
00000127  SVSMLCTL_H                     
00000128  SVSMIO                         
00000128  SVSMIO_L                       
00000129  SVSMIO_H                       
0000012c  PMMIFG                         
0000012c  PMMIFG_L                       
0000012d  PMMIFG_H                       
0000012e  PMMRIE                         
0000012e  PMMRIE_L                       
0000012f  PMMRIE_H                       
00000130  PM5CTL0                        
00000130  PM5CTL0_L                      
00000131  PM5CTL0_H                      
00000140  FCTL1                          
00000140  FCTL1_L                        
00000141  FCTL1_H                        
00000144  FCTL3                          
00000144  FCTL3_L                        
00000145  FCTL3_H                        
00000146  FCTL4                          
00000146  FCTL4_L                        
00000147  FCTL4_H                        
00000150  CRCDI                          
00000150  CRCDI_L                        
00000151  CRCDI_H                        
00000152  CRCDIRB                        
00000152  CRCDIRB_L                      
00000153  CRCDIRB_H                      
00000154  CRCINIRES                      
00000154  CRCINIRES_L                    
00000155  CRCINIRES_H                    
00000156  CRCRESR                        
00000156  CRCRESR_L                      
00000157  CRCRESR_H                      
00000158  RCCTL0                         
00000158  RCCTL0_L                       
00000159  RCCTL0_H                       
0000015c  WDTCTL                         
0000015c  WDTCTL_L                       
0000015d  WDTCTL_H                       
00000160  UCSCTL0                        
00000160  UCSCTL0_L                      
00000161  UCSCTL0_H                      
00000162  UCSCTL1                        
00000162  UCSCTL1_L                      
00000163  UCSCTL1_H                      
00000164  UCSCTL2                        
00000164  UCSCTL2_L                      
00000165  UCSCTL2_H                      
00000166  UCSCTL3                        
00000166  UCSCTL3_L                      
00000167  UCSCTL3_H                      
00000168  UCSCTL4                        
00000168  UCSCTL4_L                      
00000169  UCSCTL4_H                      
0000016a  UCSCTL5                        
0000016a  UCSCTL5_L                      
0000016b  UCSCTL5_H                      
0000016c  UCSCTL6                        
0000016c  UCSCTL6_L                      
0000016d  UCSCTL6_H                      
0000016e  UCSCTL7                        
0000016e  UCSCTL7_L                      
0000016f  UCSCTL7_H                      
00000170  UCSCTL8                        
00000170  UCSCTL8_L                      
00000171  UCSCTL8_H                      
00000180  SYSCTL                         
00000180  SYSCTL_L                       
00000181  SYSCTL_H                       
00000182  SYSBSLC                        
00000182  SYSBSLC_L                      
00000183  SYSBSLC_H                      
00000186  SYSJMBC                        
00000186  SYSJMBC_L                      
00000187  SYSJMBC_H                      
00000188  SYSJMBI0                       
00000188  SYSJMBI0_L                     
00000189  SYSJMBI0_H                     
0000018a  SYSJMBI1                       
0000018a  SYSJMBI1_L                     
0000018b  SYSJMBI1_H                     
0000018c  SYSJMBO0                       
0000018c  SYSJMBO0_L                     
0000018d  SYSJMBO0_H                     
0000018e  SYSJMBO1                       
0000018e  SYSJMBO1_L                     
0000018f  SYSJMBO1_H                     
00000198  SYSBERRIV                      
00000198  SYSBERRIV_L                    
00000199  SYSBERRIV_H                    
0000019a  SYSUNIV                        
0000019a  SYSUNIV_L                      
0000019b  SYSUNIV_H                      
0000019c  SYSSNIV                        
0000019c  SYSSNIV_L                      
0000019d  SYSSNIV_H                      
0000019e  SYSRSTIV                       
0000019e  SYSRSTIV_L                     
0000019f  SYSRSTIV_H                     
000001b0  REFCTL0                        
000001b0  REFCTL0_L                      
000001b1  REFCTL0_H                      
00000200  PAIN                           
00000200  PAIN_L                         
00000201  PAIN_H                         
00000202  PAOUT                          
00000202  PAOUT_L                        
00000203  PAOUT_H                        
00000204  PADIR                          
00000204  PADIR_L                        
00000205  PADIR_H                        
00000206  PAREN                          
00000206  PAREN_L                        
00000207  PAREN_H                        
00000208  PADS                           
00000208  PADS_L                         
00000209  PADS_H                         
0000020a  PASEL                          
0000020a  PASEL_L                        
0000020b  PASEL_H                        
0000020e  P1IV                           
00000218  PAIES                          
00000218  PAIES_L                        
00000219  PAIES_H                        
0000021a  PAIE                           
0000021a  PAIE_L                         
0000021b  PAIE_H                         
0000021c  PAIFG                          
0000021c  PAIFG_L                        
0000021d  PAIFG_H                        
0000021e  P2IV                           
00000220  PBIN                           
00000220  PBIN_L                         
00000221  PBIN_H                         
00000222  PBOUT                          
00000222  PBOUT_L                        
00000223  PBOUT_H                        
00000224  PBDIR                          
00000224  PBDIR_L                        
00000225  PBDIR_H                        
00000226  PBREN                          
00000226  PBREN_L                        
00000227  PBREN_H                        
00000228  PBDS                           
00000228  PBDS_L                         
00000229  PBDS_H                         
0000022a  PBSEL                          
0000022a  PBSEL_L                        
0000022b  PBSEL_H                        
00000240  PCIN                           
00000240  PCIN_L                         
00000241  PCIN_H                         
00000242  PCOUT                          
00000242  PCOUT_L                        
00000243  PCOUT_H                        
00000244  PCDIR                          
00000244  PCDIR_L                        
00000245  PCDIR_H                        
00000246  PCREN                          
00000246  PCREN_L                        
00000247  PCREN_H                        
00000248  PCDS                           
00000248  PCDS_L                         
00000249  PCDS_H                         
0000024a  PCSEL                          
0000024a  PCSEL_L                        
0000024b  PCSEL_H                        
00000260  PDIN                           
00000260  PDIN_L                         
00000261  PDIN_H                         
00000262  PDOUT                          
00000262  PDOUT_L                        
00000263  PDOUT_H                        
00000264  PDDIR                          
00000264  PDDIR_L                        
00000265  PDDIR_H                        
00000266  PDREN                          
00000266  PDREN_L                        
00000267  PDREN_H                        
00000268  PDDS                           
00000268  PDDS_L                         
00000269  PDDS_H                         
0000026a  PDSEL                          
0000026a  PDSEL_L                        
0000026b  PDSEL_H                        
00000280  PEIN                           
00000280  PEIN_L                         
00000281  PEIN_H                         
00000282  PEOUT                          
00000282  PEOUT_L                        
00000283  PEOUT_H                        
00000284  PEDIR                          
00000284  PEDIR_L                        
00000285  PEDIR_H                        
00000286  PEREN                          
00000286  PEREN_L                        
00000287  PEREN_H                        
00000288  PEDS                           
00000288  PEDS_L                         
00000289  PEDS_H                         
0000028a  PESEL                          
0000028a  PESEL_L                        
0000028b  PESEL_H                        
000002a0  PFIN                           
000002a0  PFIN_L                         
000002a1  PFIN_H                         
000002a2  PFOUT                          
000002a2  PFOUT_L                        
000002a3  PFOUT_H                        
000002a4  PFDIR                          
000002a4  PFDIR_L                        
000002a5  PFDIR_H                        
000002a6  PFREN                          
000002a6  PFREN_L                        
000002a7  PFREN_H                        
000002a8  PFDS                           
000002a8  PFDS_L                         
000002a9  PFDS_H                         
000002aa  PFSEL                          
000002aa  PFSEL_L                        
000002ab  PFSEL_H                        
00000320  PJIN                           
00000320  PJIN_L                         
00000321  PJIN_H                         
00000322  PJOUT                          
00000322  PJOUT_L                        
00000323  PJOUT_H                        
00000324  PJDIR                          
00000324  PJDIR_L                        
00000325  PJDIR_H                        
00000326  PJREN                          
00000326  PJREN_L                        
00000327  PJREN_H                        
00000328  PJDS                           
00000328  PJDS_L                         
00000329  PJDS_H                         
00000340  TA0CTL                         
00000342  TA0CCTL0                       
00000344  TA0CCTL1                       
00000346  TA0CCTL2                       
00000348  TA0CCTL3                       
0000034a  TA0CCTL4                       
00000350  TA0R                           
00000352  TA0CCR0                        
00000354  TA0CCR1                        
00000356  TA0CCR2                        
00000358  TA0CCR3                        
0000035a  TA0CCR4                        
00000360  TA0EX0                         
0000036e  TA0IV                          
00000380  TA1CTL                         
00000382  TA1CCTL0                       
00000384  TA1CCTL1                       
00000386  TA1CCTL2                       
00000390  TA1R                           
00000392  TA1CCR0                        
00000394  TA1CCR1                        
00000396  TA1CCR2                        
000003a0  TA1EX0                         
000003ae  TA1IV                          
000003c0  TB0CTL                         
000003c2  TB0CCTL0                       
000003c4  TB0CCTL1                       
000003c6  TB0CCTL2                       
000003c8  TB0CCTL3                       
000003ca  TB0CCTL4                       
000003cc  TB0CCTL5                       
000003ce  TB0CCTL6                       
000003d0  TB0R                           
000003d2  TB0CCR0                        
000003d4  TB0CCR1                        
000003d6  TB0CCR2                        
000003d8  TB0CCR3                        
000003da  TB0CCR4                        
000003dc  TB0CCR5                        
000003de  TB0CCR6                        
000003e0  TB0EX0                         
000003ee  TB0IV                          
000004a0  RTCCTL01                       
000004a0  RTCCTL01_L                     
000004a1  RTCCTL01_H                     
000004a2  RTCCTL23                       
000004a2  RTCCTL23_L                     
000004a3  RTCCTL23_H                     
000004a8  RTCPS0CTL                      
000004a8  RTCPS0CTL_L                    
000004a9  RTCPS0CTL_H                    
000004aa  RTCPS1CTL                      
000004aa  RTCPS1CTL_L                    
000004ab  RTCPS1CTL_H                    
000004ac  RTCPS                          
000004ac  RTCPS_L                        
000004ad  RTCPS_H                        
000004ae  RTCIV                          
000004b0  RTCTIM0                        
000004b0  RTCTIM0_L                      
000004b1  RTCTIM0_H                      
000004b2  RTCTIM1                        
000004b2  RTCTIM1_L                      
000004b3  RTCTIM1_H                      
000004b4  RTCDATE                        
000004b4  RTCDATE_L                      
000004b5  RTCDATE_H                      
000004b6  RTCYEAR                        
000004b6  RTCYEAR_L                      
000004b7  RTCYEAR_H                      
000004b8  RTCAMINHR                      
000004b8  RTCAMINHR_L                    
000004b9  RTCAMINHR_H                    
000004ba  RTCADOWDAY                     
000004ba  RTCADOWDAY_L                   
000004bb  RTCADOWDAY_H                   
000004c0  MPY                            
000004c0  MPY_L                          
000004c1  MPY_H                          
000004c2  MPYS                           
000004c2  MPYS_L                         
000004c3  MPYS_H                         
000004c4  MAC                            
000004c4  MAC_L                          
000004c5  MAC_H                          
000004c6  MACS                           
000004c6  MACS_L                         
000004c7  MACS_H                         
000004c8  OP2                            
000004c8  OP2_L                          
000004c9  OP2_H                          
000004ca  RESLO                          
000004ca  RESLO_L                        
000004cb  RESLO_H                        
000004cc  RESHI                          
000004cc  RESHI_L                        
000004cd  RESHI_H                        
000004ce  SUMEXT                         
000004ce  SUMEXT_L                       
000004cf  SUMEXT_H                       
000004d0  MPY32L                         
000004d0  MPY32L_L                       
000004d1  MPY32L_H                       
000004d2  MPY32H                         
000004d2  MPY32H_L                       
000004d3  MPY32H_H                       
000004d4  MPYS32L                        
000004d4  MPYS32L_L                      
000004d5  MPYS32L_H                      
000004d6  MPYS32H                        
000004d6  MPYS32H_L                      
000004d7  MPYS32H_H                      
000004d8  MAC32L                         
000004d8  MAC32L_L                       
000004d9  MAC32L_H                       
000004da  MAC32H                         
000004da  MAC32H_L                       
000004db  MAC32H_H                       
000004dc  MACS32L                        
000004dc  MACS32L_L                      
000004dd  MACS32L_H                      
000004de  MACS32H                        
000004de  MACS32H_L                      
000004df  MACS32H_H                      
000004e0  OP2L                           
000004e0  OP2L_L                         
000004e1  OP2L_H                         
000004e2  OP2H                           
000004e2  OP2H_L                         
000004e3  OP2H_H                         
000004e4  RES0                           
000004e4  RES0_L                         
000004e5  RES0_H                         
000004e6  RES1                           
000004e6  RES1_L                         
000004e7  RES1_H                         
000004e8  RES2                           
000004e8  RES2_L                         
000004e9  RES2_H                         
000004ea  RES3                           
000004ea  RES3_L                         
000004eb  RES3_H                         
000004ec  MPY32CTL0                      
000004ec  MPY32CTL0_L                    
000004ed  MPY32CTL0_H                    
00000500  DMACTL0                        
00000500  DMACTL0_L                      
00000501  DMACTL0_H                      
00000502  DMACTL1                        
00000502  DMACTL1_L                      
00000503  DMACTL1_H                      
00000504  DMACTL2                        
00000504  DMACTL2_L                      
00000505  DMACTL2_H                      
00000506  DMACTL3                        
00000506  DMACTL3_L                      
00000507  DMACTL3_H                      
00000508  DMACTL4                        
00000508  DMACTL4_L                      
00000509  DMACTL4_H                      
0000050e  DMAIV                          
0000050e  DMAIV_L                        
0000050f  DMAIV_H                        
00000510  DMA0CTL                        
00000510  DMA0CTL_L                      
00000511  DMA0CTL_H                      
00000512  DMA0SA                         
00000512  DMA0SAL                        
00000514  DMA0SAH                        
00000516  DMA0DA                         
00000516  DMA0DAL                        
00000518  DMA0DAH                        
0000051a  DMA0SZ                         
00000520  DMA1CTL                        
00000520  DMA1CTL_L                      
00000521  DMA1CTL_H                      
00000522  DMA1SA                         
00000522  DMA1SAL                        
00000524  DMA1SAH                        
00000526  DMA1DA                         
00000526  DMA1DAL                        
00000528  DMA1DAH                        
0000052a  DMA1SZ                         
00000530  DMA2CTL                        
00000530  DMA2CTL_L                      
00000531  DMA2CTL_H                      
00000532  DMA2SA                         
00000532  DMA2SAL                        
00000534  DMA2SAH                        
00000536  DMA2DA                         
00000536  DMA2DAL                        
00000538  DMA2DAH                        
0000053a  DMA2SZ                         
000005c0  UCA0CTLW0                      
000005c0  UCA0CTLW0_L                    
000005c1  UCA0CTLW0_H                    
000005c6  UCA0BRW                        
000005c6  UCA0BRW_L                      
000005c7  UCA0BRW_H                      
000005c8  UCA0MCTL                       
000005ca  UCA0STAT                       
000005cc  UCA0RXBUF                      
000005ce  UCA0TXBUF                      
000005d0  UCA0ABCTL                      
000005d2  UCA0IRCTL                      
000005d2  UCA0IRCTL_L                    
000005d3  UCA0IRCTL_H                    
000005dc  UCA0ICTL                       
000005dc  UCA0ICTL_L                     
000005dd  UCA0ICTL_H                     
000005de  UCA0IV                         
000005e0  UCB0CTLW0                      
000005e0  UCB0CTLW0_L                    
000005e1  UCB0CTLW0_H                    
000005e6  UCB0BRW                        
000005e6  UCB0BRW_L                      
000005e7  UCB0BRW_H                      
000005ea  UCB0STAT                       
000005ec  UCB0RXBUF                      
000005ee  UCB0TXBUF                      
000005f0  UCB0I2COA                      
000005f0  UCB0I2COA_L                    
000005f1  UCB0I2COA_H                    
000005f2  UCB0I2CSA                      
000005f2  UCB0I2CSA_L                    
000005f3  UCB0I2CSA_H                    
000005fc  UCB0ICTL                       
000005fc  UCB0ICTL_L                     
000005fd  UCB0ICTL_H                     
000005fe  UCB0IV                         
00000600  UCA1CTLW0                      
00000600  UCA1CTLW0_L                    
00000601  UCA1CTLW0_H                    
00000606  UCA1BRW                        
00000606  UCA1BRW_L                      
00000607  UCA1BRW_H                      
00000608  UCA1MCTL                       
0000060a  UCA1STAT                       
0000060c  UCA1RXBUF                      
0000060e  UCA1TXBUF                      
00000610  UCA1ABCTL                      
00000612  UCA1IRCTL                      
00000612  UCA1IRCTL_L                    
00000613  UCA1IRCTL_H                    
0000061c  UCA1ICTL                       
0000061c  UCA1ICTL_L                     
0000061d  UCA1ICTL_H                     
0000061e  UCA1IV                         
00000620  UCB1CTLW0                      
00000620  UCB1CTLW0_L                    
00000621  UCB1CTLW0_H                    
00000626  UCB1BRW                        
00000626  UCB1BRW_L                      
00000627  UCB1BRW_H                      
0000062a  UCB1STAT                       
0000062c  UCB1RXBUF                      
0000062e  UCB1TXBUF                      
00000630  UCB1I2COA                      
00000630  UCB1I2COA_L                    
00000631  UCB1I2COA_H                    
00000632  UCB1I2CSA                      
00000632  UCB1I2CSA_L                    
00000633  UCB1I2CSA_H                    
0000063c  UCB1ICTL                       
0000063c  UCB1ICTL_L                     
0000063d  UCB1ICTL_H                     
0000063e  UCB1IV                         
00000640  UCA2CTLW0                      
00000640  UCA2CTLW0_L                    
00000641  UCA2CTLW0_H                    
00000646  UCA2BRW                        
00000646  UCA2BRW_L                      
00000647  UCA2BRW_H                      
00000648  UCA2MCTL                       
0000064a  UCA2STAT                       
0000064c  UCA2RXBUF                      
0000064e  UCA2TXBUF                      
00000650  UCA2ABCTL                      
00000652  UCA2IRCTL                      
00000652  UCA2IRCTL_L                    
00000653  UCA2IRCTL_H                    
0000065c  UCA2ICTL                       
0000065c  UCA2ICTL_L                     
0000065d  UCA2ICTL_H                     
0000065e  UCA2IV                         
00000660  UCB2CTLW0                      
00000660  UCB2CTLW0_L                    
00000661  UCB2CTLW0_H                    
00000666  UCB2BRW                        
00000666  UCB2BRW_L                      
00000667  UCB2BRW_H                      
0000066a  UCB2STAT                       
0000066c  UCB2RXBUF                      
0000066e  UCB2TXBUF                      
00000670  UCB2I2COA                      
00000670  UCB2I2COA_L                    
00000671  UCB2I2COA_H                    
00000672  UCB2I2CSA                      
00000672  UCB2I2CSA_L                    
00000673  UCB2I2CSA_H                    
0000067c  UCB2ICTL                       
0000067c  UCB2ICTL_L                     
0000067d  UCB2ICTL_H                     
0000067e  UCB2IV                         
00000680  UCA3CTLW0                      
00000680  UCA3CTLW0_L                    
00000681  UCA3CTLW0_H                    
00000686  UCA3BRW                        
00000686  UCA3BRW_L                      
00000687  UCA3BRW_H                      
00000688  UCA3MCTL                       
0000068a  UCA3STAT                       
0000068c  UCA3RXBUF                      
0000068e  UCA3TXBUF                      
00000690  UCA3ABCTL                      
00000692  UCA3IRCTL                      
00000692  UCA3IRCTL_L                    
00000693  UCA3IRCTL_H                    
0000069c  UCA3ICTL                       
0000069c  UCA3ICTL_L                     
0000069d  UCA3ICTL_H                     
0000069e  UCA3IV                         
000006a0  UCB3CTLW0                      
000006a0  UCB3CTLW0_L                    
000006a1  UCB3CTLW0_H                    
000006a6  UCB3BRW                        
000006a6  UCB3BRW_L                      
000006a7  UCB3BRW_H                      
000006aa  UCB3STAT                       
000006ac  UCB3RXBUF                      
000006ae  UCB3TXBUF                      
000006b0  UCB3I2COA                      
000006b0  UCB3I2COA_L                    
000006b1  UCB3I2COA_H                    
000006b2  UCB3I2CSA                      
000006b2  UCB3I2CSA_L                    
000006b3  UCB3I2CSA_H                    
000006bc  UCB3ICTL                       
000006bc  UCB3ICTL_L                     
000006bd  UCB3ICTL_H                     
000006be  UCB3IV                         
00000700  ADC12CTL0                      
00000700  ADC12CTL0_L                    
00000701  ADC12CTL0_H                    
00000702  ADC12CTL1                      
00000702  ADC12CTL1_L                    
00000703  ADC12CTL1_H                    
00000704  ADC12CTL2                      
00000704  ADC12CTL2_L                    
00000705  ADC12CTL2_H                    
0000070a  ADC12IFG                       
0000070a  ADC12IFG_L                     
0000070b  ADC12IFG_H                     
0000070c  ADC12IE                        
0000070c  ADC12IE_L                      
0000070d  ADC12IE_H                      
0000070e  ADC12IV                        
0000070e  ADC12IV_L                      
0000070f  ADC12IV_H                      
00000710  ADC12MCTL0                     
00000711  ADC12MCTL1                     
00000712  ADC12MCTL2                     
00000713  ADC12MCTL3                     
00000714  ADC12MCTL4                     
00000715  ADC12MCTL5                     
00000716  ADC12MCTL6                     
00000717  ADC12MCTL7                     
00000718  ADC12MCTL8                     
00000719  ADC12MCTL9                     
0000071a  ADC12MCTL10                    
0000071b  ADC12MCTL11                    
0000071c  ADC12MCTL12                    
0000071d  ADC12MCTL13                    
0000071e  ADC12MCTL14                    
0000071f  ADC12MCTL15                    
00000720  ADC12MEM0                      
00000720  ADC12MEM0_L                    
00000721  ADC12MEM0_H                    
00000722  ADC12MEM1                      
00000722  ADC12MEM1_L                    
00000723  ADC12MEM1_H                    
00000724  ADC12MEM2                      
00000724  ADC12MEM2_L                    
00000725  ADC12MEM2_H                    
00000726  ADC12MEM3                      
00000726  ADC12MEM3_L                    
00000727  ADC12MEM3_H                    
00000728  ADC12MEM4                      
00000728  ADC12MEM4_L                    
00000729  ADC12MEM4_H                    
0000072a  ADC12MEM5                      
0000072a  ADC12MEM5_L                    
0000072b  ADC12MEM5_H                    
0000072c  ADC12MEM6                      
0000072c  ADC12MEM6_L                    
0000072d  ADC12MEM6_H                    
0000072e  ADC12MEM7                      
0000072e  ADC12MEM7_L                    
0000072f  ADC12MEM7_H                    
00000730  ADC12MEM8                      
00000730  ADC12MEM8_L                    
00000731  ADC12MEM8_H                    
00000732  ADC12MEM9                      
00000732  ADC12MEM9_L                    
00000733  ADC12MEM9_H                    
00000734  ADC12MEM10                     
00000734  ADC12MEM10_L                   
00000735  ADC12MEM10_H                   
00000736  ADC12MEM11                     
00000736  ADC12MEM11_L                   
00000737  ADC12MEM11_H                   
00000738  ADC12MEM12                     
00000738  ADC12MEM12_L                   
00000739  ADC12MEM12_H                   
0000073a  ADC12MEM13                     
0000073a  ADC12MEM13_L                   
0000073b  ADC12MEM13_H                   
0000073c  ADC12MEM14                     
0000073c  ADC12MEM14_L                   
0000073d  ADC12MEM14_H                   
0000073e  ADC12MEM15                     
0000073e  ADC12MEM15_L                   
0000073f  ADC12MEM15_H                   
000044a2  pxCurrentTCB                   
000044c8  usCriticalNesting              
00005b60  _stack                         
00005c00  __STACK_END                    
00005c00  xQueueGenericReceive           
00005dcc  xQueueGenericSend              
00006058  xTaskIncrementTick             
00006150  __TI_decompress_lzss           
0000623e  __TI_printfi_minimal           
0000659a  xTaskResumeAll                 
000067f2  vTaskSwitchContext             
000068b2  copy_in                        
00006964  vPortPreemptiveTickISR         
00006994  vPortCooperativeTickISR        
000069c0  vPortYield                     
000069f0  xPortStartScheduler            
00006aa8  xQueueGenericReset             
00006bde  _auto_init_hold_wdt            
00006d90  vTaskPriorityInherit           
00006e16  main                           
00006e9a  xQueueGenericSendFromISR       
00006f9c  xTaskPriorityDisinherit        
0000701c  xTaskRemoveFromEventList       
0000709c  xTaskCreate                    
0000711a  hal430SetSystemClock           
00007196  xTaskCheckForTimeOut           
0000720e  xTimerGenericCommand           
000073c2  vUartInit                      
00007540  pvPortMalloc                   
00007598  __mspabi_divul                 
00007598  __mspabi_remul                 
00007696  vQueueWaitForMessageRestricted 
000076e6  vTaskStartScheduler            
00007736  xQueueGenericCreate            
00007784  Init_FLL_Settle                
000078a8  xTimerCreateTimerTask          
000078ee  __memcpy_far                   
0000792e  __TI_zero_init                 
0000796c  xTimerCreate                   
000079aa  __TI_decompress_none           
000079e6  vListInsert                    
00007a22  SetVCore                       
00007a5c  xRingBufferDequeue             
00007a96  xTimerIsTimerActive            
00007ad0  xUartSendString                
00007b0a  xUartSendStringFromISR         
00007b44  sprintf                        
00007b7c  xRingBufferInit                
00007bb4  vTaskDelay                     
00007bea  vTaskPlaceOnEventListRestricted
00007c4c  uxListRemove                   
00007c7c  vApplicationSetupTimerInterrupt
00007c7c  vPortSetupTimerInterrupt       
00007cac  xRingBufferEnqueue             
00007d60  vTaskPlaceOnEventList          
00007dfe  vListInsertEnd                 
00007e22  xTaskGetTickCount              
00007e46  vListInitialise                
00007e88  pxPortInitialiseStack          
00007ea8  vTaskSetTimeOutState           
00007ec4  memccpy                        
00007ef6  pvTaskIncrementMutexHeldCount  
00007f0e  __mspabi_mpyi_f5hw             
00007f26  xTaskGetSchedulerState         
00007f6a  __mspabi_divu                  
00007f6a  __mspabi_remu                  
00007f80  memset                         
00007fa6  memcpy                         
00007fca  strlen                         
00007fd8  vHALInitLED                    
00007fe6  vPortFree                      
00007ff4  vApplicationIdleHook           
00007ffe  vApplicationMallocFailedHook   
00008008  vApplicationStackOverflowHook  
0000801a  C$$EXIT                        
0000801a  abort                          
00008020  vListInitialiseItem            
00008026  vTaskMissedYield               
0000802c  vTaskSuspendAll                
00008032  vUartSetRxCallback             
00008038  _system_pre_init               
0000803c  _system_post_cinit             
0000803e  vApplicationTickHook           
000080d8  usci_a0_isr                    
0000812a  _c_int00_noargs_noexit         
00008144  vTickISREntry                  
00008154  __TI_ISR_TRAP                  
0000815c  __TI_Handler_Table_Base        
00008168  __TI_Handler_Table_Limit       
00008178  __TI_CINIT_Base                
00008188  __TI_CINIT_Limit               
0000ffd2  __TI_int41                     
0000ffd4  __TI_int42                     
0000ffd6  __TI_int43                     
0000ffd8  __TI_int44                     
0000ffda  __TI_int45                     
0000ffdc  __TI_int46                     
0000ffde  __TI_int47                     
0000ffe0  __TI_int48                     
0000ffe2  __TI_int49                     
0000ffe4  __TI_int50                     
0000ffe6  __TI_int51                     
0000ffe8  __TI_int52                     
0000ffea  __TI_int53                     
0000ffec  __TI_int54                     
0000ffee  __TI_int55                     
0000fff0  __TI_int56                     
0000fff2  __TI_int57                     
0000fff4  __TI_int58                     
0000fff6  __TI_int59                     
0000fff8  __TI_int60                     
0000fffa  __TI_int61                     
0000fffc  __TI_int62                     
0000fffe  _reset_vector                  
ffffffff  __TI_pprof_out_hndl            
ffffffff  __TI_prof_data_size            
ffffffff  __TI_prof_data_start           
ffffffff  __c_args__                     
UNDEFED   __TI_BINIT_Base                
UNDEFED   __TI_BINIT_Limit               
UNDEFED   __TI_INITARRAY_Base            
UNDEFED   __TI_INITARRAY_Limit           

[803 symbols]
